// Jest Snapshot v1, https://goo.gl/fbAQLP

exports[`NotAuthorizedPage.styles Container DEVE ser igual ao snapshot 1`] = `
.c0 {
  display: -webkit-box;
  display: -webkit-flex;
  display: -ms-flexbox;
  display: flex;
  -webkit-flex-direction: column;
  -ms-flex-direction: column;
  flex-direction: column;
  -webkit-align-items: center;
  -webkit-box-align: center;
  -ms-flex-align: center;
  align-items: center;
  width: 100vw;
  height: 100vh;
  background-color: #D3D3d3;
}

<div
  className="c0"
/>
`;
