// Jest Snapshot v1, https://goo.gl/fbAQLP

exports[`formRecoverPassword.styles Form DEVE ser igual ao snapshot 1`] = `
.c0 {
  display: -webkit-box;
  display: -webkit-flex;
  display: -ms-flexbox;
  display: flex;
  width: 100%;
}

<form
  className="c0"
/>
`;
