// Jest Snapshot v1, https://goo.gl/fbAQLP

exports[`Input.styles ContainerInput DEVE ser igual ao snapshot 1`] = `
.c0 {
  display: -webkit-box;
  display: -webkit-flex;
  display: -ms-flexbox;
  display: flex;
  -webkit-flex-direction: column;
  -ms-flex-direction: column;
  flex-direction: column;
  margin-top: 20px;
}

<div
  className="c0"
/>
`;

exports[`Input.styles InputBox DEVE ser igual ao snapshot 1`] = `
.c0 {
  height: 30px;
  margin-top: 5px;
  border-radius: 8px;
  border: 1px solid transparent;
  font-size: 16px;
  background-color: #545d6a;
  color: #ffffff;
  outline: 0;
}

<input
  className="c0"
/>
`;

exports[`Input.styles LabelBox DEVE ser igual ao snapshot 1`] = `
.c0 {
  margin-left: 10px;
  font-size: 12px;
  text-transform: uppercase;
  color: #545d6a;
}

<label
  className="c0"
/>
`;
